com\flightapp\dto\FlightSearchRequest$FlightSearchRequestBuilder.class
com\flightapp\entity\Passenger.class
com\flightapp\FlightAppWebfluxApplication.class
com\flightapp\dto\BookRequest.class
com\flightapp\dto\BookRequest$BookRequestBuilder.class
com\flightapp\dto\FlightSearchRequest.class
com\flightapp\exception\ResourceNotFoundException.class
com\flightapp\dto\PassengerRequest.class
com\flightapp\dto\InventoryRequest$InventoryRequestBuilder.class
com\flightapp\dto\PassengerResponse.class
com\flightapp\controller\FlightController.class
constants\FlightStatus.class
com\flightapp\dto\InventoryRequest.class
com\flightapp\repository\PassengerRepository.class
com\flightapp\entity\Booking.class
com\flightapp\repository\BookingRepository.class
com\flightapp\entity\Booking$BookingBuilder.class
constants\BookingStatus.class
com\flightapp\repository\FlightInventoryRepository.class
com\flightapp\dto\BookingResponse$BookingResponseBuilder.class
constants\MealType.class
com\flightapp\service\impl\FlightServiceImpl.class
com\flightapp\exception\FlightNotFoundException.class
com\flightapp\service\FlightService.class
com\flightapp\service\impl\AdvancedNotificationServiceImpl$1.class
com\flightapp\dto\BookingResponse.class
com\flightapp\entity\FlightInventory$FlightInventoryBuilder.class
com\flightapp\entity\FlightInventory.class
com\flightapp\exception\PNRNotFoundException.class
