C:\Users\KIIT\Downloads\chubb_workspace\flightAppWebflux\src\main\java\com\flightapp\notification\NotificationType.java
C:\Users\KIIT\Downloads\chubb_workspace\flightAppWebflux\src\main\java\com\flightapp\service\NotificationService.java
C:\Users\KIIT\Downloads\chubb_workspace\flightAppWebflux\src\main\java\com\flightapp\dto\InventoryRequest.java
C:\Users\KIIT\Downloads\chubb_workspace\flightAppWebflux\src\main\java\com\flightapp\service\SmsService.java
C:\Users\KIIT\Downloads\chubb_workspace\flightAppWebflux\src\main\java\constants\MealType.java
C:\Users\KIIT\Downloads\chubb_workspace\flightAppWebflux\src\main\java\com\flightapp\controller\FlightController.java
C:\Users\KIIT\Downloads\chubb_workspace\flightAppWebflux\src\main\java\com\flightapp\entity\FlightInventory.java
C:\Users\KIIT\Downloads\chubb_workspace\flightAppWebflux\src\main\java\com\flightapp\exception\PNRNotFoundException.java
C:\Users\KIIT\Downloads\chubb_workspace\flightAppWebflux\src\main\java\com\flightapp\dto\AdvancedNotificationRequest.java
C:\Users\KIIT\Downloads\chubb_workspace\flightAppWebflux\src\main\java\com\flightapp\entity\Passenger.java
C:\Users\KIIT\Downloads\chubb_workspace\flightAppWebflux\src\main\java\constants\FlightStatus.java
C:\Users\KIIT\Downloads\chubb_workspace\flightAppWebflux\src\main\java\com\flightapp\controller\NotificationController.java
C:\Users\KIIT\Downloads\chubb_workspace\flightAppWebflux\src\main\java\com\flightapp\dto\FlightSearchRequest.java
C:\Users\KIIT\Downloads\chubb_workspace\flightAppWebflux\src\main\java\com\flightapp\dto\TemplateData.java
C:\Users\KIIT\Downloads\chubb_workspace\flightAppWebflux\src\main\java\com\flightapp\repository\NotificationLogRepository.java
C:\Users\KIIT\Downloads\chubb_workspace\flightAppWebflux\src\main\java\com\flightapp\dto\PassengerResponse.java
C:\Users\KIIT\Downloads\chubb_workspace\flightAppWebflux\src\main\java\com\flightapp\dto\BookRequest.java
C:\Users\KIIT\Downloads\chubb_workspace\flightAppWebflux\src\main\java\com\flightapp\FlightAppWebfluxApplication.java
C:\Users\KIIT\Downloads\chubb_workspace\flightAppWebflux\src\main\java\com\flightapp\controller\AdvancedNotificationController.java
C:\Users\KIIT\Downloads\chubb_workspace\flightAppWebflux\src\main\java\com\flightapp\service\AdvancedNotificationService.java
C:\Users\KIIT\Downloads\chubb_workspace\flightAppWebflux\src\main\java\constants\BookingStatus.java
C:\Users\KIIT\Downloads\chubb_workspace\flightAppWebflux\src\main\java\com\flightapp\service\impl\FlightServiceImpl.java
C:\Users\KIIT\Downloads\chubb_workspace\flightAppWebflux\src\main\java\com\flightapp\exception\ResourceNotFoundException.java
C:\Users\KIIT\Downloads\chubb_workspace\flightAppWebflux\src\main\java\com\flightapp\repository\PassengerRepository.java
C:\Users\KIIT\Downloads\chubb_workspace\flightAppWebflux\src\main\java\com\flightapp\service\impl\NotificationServiceImpl.java
C:\Users\KIIT\Downloads\chubb_workspace\flightAppWebflux\src\main\java\com\flightapp\service\PdfService.java
C:\Users\KIIT\Downloads\chubb_workspace\flightAppWebflux\src\main\java\com\flightapp\dto\BookingResponse.java
C:\Users\KIIT\Downloads\chubb_workspace\flightAppWebflux\src\main\java\com\flightapp\service\impl\AdvancedNotificationServiceImpl.java
C:\Users\KIIT\Downloads\chubb_workspace\flightAppWebflux\src\main\java\com\flightapp\dto\PassengerRequest.java
C:\Users\KIIT\Downloads\chubb_workspace\flightAppWebflux\src\main\java\com\flightapp\repository\BookingRepository.java
C:\Users\KIIT\Downloads\chubb_workspace\flightAppWebflux\src\main\java\com\flightapp\repository\FlightInventoryRepository.java
C:\Users\KIIT\Downloads\chubb_workspace\flightAppWebflux\src\main\java\com\flightapp\entity\NotificationLog.java
C:\Users\KIIT\Downloads\chubb_workspace\flightAppWebflux\src\main\java\com\flightapp\exception\FlightNotFoundException.java
C:\Users\KIIT\Downloads\chubb_workspace\flightAppWebflux\src\main\java\com\flightapp\controller\AdminController.java
C:\Users\KIIT\Downloads\chubb_workspace\flightAppWebflux\src\main\java\com\flightapp\entity\Booking.java
C:\Users\KIIT\Downloads\chubb_workspace\flightAppWebflux\src\main\java\com\flightapp\service\FlightService.java
C:\Users\KIIT\Downloads\chubb_workspace\flightAppWebflux\src\main\java\com\flightapp\service\impl\PdfServiceImpl.java
C:\Users\KIIT\Downloads\chubb_workspace\flightAppWebflux\src\main\java\com\flightapp\config\ErrorHandler.java
C:\Users\KIIT\Downloads\chubb_workspace\flightAppWebflux\src\main\java\com\flightapp\dto\NotificationRequest.java
